C:\Users\Viktor\OneDrive\Desktop\URIS Projekat\services\gqm-goal-service\gqmGoalService.API\Extensions\ServiceExtensions.cs(39,25): error CS1061: 'DbContextOptionsBuilder' does not contain a definition for 'UseInMemoryDatabase' and no accessible extension method 'UseInMemoryDatabase' accepting a first argument of type 'DbContextOptionsBuilder' could be found (are you missing a using directive or an assembly reference?) [C:\Users\Viktor\OneDrive\Desktop\URIS Projekat\services\gqm-goal-service\gqmGoalService.API\gqmGoalService.API.csproj]
C:\Users\Viktor\OneDrive\Desktop\URIS Projekat\services\gqm-goal-service\gqmGoalService.API\Program.cs(21,5): error CS7069: Reference to type 'OpenApiInfo' claims it is defined in 'Microsoft.OpenApi', but it could not be found [C:\Users\Viktor\OneDrive\Desktop\URIS Projekat\services\gqm-goal-service\gqmGoalService.API\gqmGoalService.API.csproj]

Build FAILED.
    0 Warning(s)
    2 Error(s)

Time Elapsed 00:00:05.23

