  Determining projects to restore...
  All projects are up-to-date for restore.
C:\Program Files\dotnet\sdk\10.0.100-rc.2.25502.107\Sdks\Microsoft.NET.Sdk\targets\Microsoft.NET.RuntimeIdentifierInference.targets(351,5): message NETSDK1057: You are using a preview version of .NET. See: https://aka.ms/dotnet-support-policy [C:\Users\Viktor\OneDrive\Desktop\URIS Projekat\services\gqm-goal-service\gqmGoalService.API\gqmGoalService.API.csproj]
C:\Program Files\dotnet\sdk\10.0.100-rc.2.25502.107\Sdks\Microsoft.NET.Sdk\targets\Microsoft.NET.RuntimeIdentifierInference.targets(351,5): message NETSDK1057: You are using a preview version of .NET. See: https://aka.ms/dotnet-support-policy [C:\Users\Viktor\OneDrive\Desktop\URIS Projekat\services\gqm-goal-service\gqmGoalService.Infrastructure\gqmGoalService.Infrastructure.csproj]
C:\Program Files\dotnet\sdk\10.0.100-rc.2.25502.107\Sdks\Microsoft.NET.Sdk\targets\Microsoft.NET.RuntimeIdentifierInference.targets(351,5): message NETSDK1057: You are using a preview version of .NET. See: https://aka.ms/dotnet-support-policy [C:\Users\Viktor\OneDrive\Desktop\URIS Projekat\services\gqm-goal-service\gqmGoalService.Application\gqmGoalService.Application.csproj]
C:\Program Files\dotnet\sdk\10.0.100-rc.2.25502.107\Sdks\Microsoft.NET.Sdk\targets\Microsoft.NET.RuntimeIdentifierInference.targets(351,5): message NETSDK1057: You are using a preview version of .NET. See: https://aka.ms/dotnet-support-policy [C:\Users\Viktor\OneDrive\Desktop\URIS Projekat\shared\Shared.HMAC\Shared.HMAC.csproj]
  gqmGoalService.Domain -> C:\Users\Viktor\OneDrive\Desktop\URIS Projekat\services\gqm-goal-service\gqmGoalService.Domain\bin\Debug\net10.0\gqmGoalService.Domain.dll
  Shared.HMAC -> C:\Users\Viktor\OneDrive\Desktop\URIS Projekat\shared\Shared.HMAC\bin\Debug\net10.0\Shared.HMAC.dll
  gqmGoalService.Infrastructure -> C:\Users\Viktor\OneDrive\Desktop\URIS Projekat\services\gqm-goal-service\gqmGoalService.Infrastructure\bin\Debug\net10.0\gqmGoalService.Infrastructure.dll
  gqmGoalService.Application -> C:\Users\Viktor\OneDrive\Desktop\URIS Projekat\services\gqm-goal-service\gqmGoalService.Application\bin\Debug\net10.0\gqmGoalService.Application.dll
C:\Users\Viktor\OneDrive\Desktop\URIS Projekat\services\gqm-goal-service\gqmGoalService.API\Extensions\ServiceExtensions.cs(2,24): error CS0234: The type or namespace name 'AspNetCore' does not exist in the namespace 'FluentValidation' (are you missing an assembly reference?) [C:\Users\Viktor\OneDrive\Desktop\URIS Projekat\services\gqm-goal-service\gqmGoalService.API\gqmGoalService.API.csproj]

Build FAILED.

C:\Users\Viktor\OneDrive\Desktop\URIS Projekat\services\gqm-goal-service\gqmGoalService.API\Extensions\ServiceExtensions.cs(2,24): error CS0234: The type or namespace name 'AspNetCore' does not exist in the namespace 'FluentValidation' (are you missing an assembly reference?) [C:\Users\Viktor\OneDrive\Desktop\URIS Projekat\services\gqm-goal-service\gqmGoalService.API\gqmGoalService.API.csproj]
    0 Warning(s)
    1 Error(s)

Time Elapsed 00:00:05.07

